2026-06-13 18:57:00,986 INFO o.a.j.u.JMeterUtils: Setting Locale to en_EN
2026-06-13 18:57:00,995 INFO o.a.j.JMeter: Loading user properties from: /opt/jmeter/bin/user.properties
2026-06-13 18:57:00,995 INFO o.a.j.JMeter: Loading system properties from: /opt/jmeter/bin/system.properties
2026-06-13 18:57:00,998 INFO o.a.j.JMeter: Copyright (c) 1998-2024 The Apache Software Foundation
2026-06-13 18:57:00,998 INFO o.a.j.JMeter: Version 5.6.3
2026-06-13 18:57:00,998 INFO o.a.j.JMeter: java.version=21.0.11
2026-06-13 18:57:00,998 INFO o.a.j.JMeter: java.vm.name=OpenJDK 64-Bit Server VM
2026-06-13 18:57:00,998 INFO o.a.j.JMeter: os.name=Linux
2026-06-13 18:57:00,998 INFO o.a.j.JMeter: os.arch=amd64
2026-06-13 18:57:00,998 INFO o.a.j.JMeter: os.version=7.0.11-arch1-1
2026-06-13 18:57:00,998 INFO o.a.j.JMeter: file.encoding=UTF-8
2026-06-13 18:57:00,998 INFO o.a.j.JMeter: java.awt.headless=true
2026-06-13 18:57:00,998 INFO o.a.j.JMeter: Max memory     =1073741824
2026-06-13 18:57:00,998 INFO o.a.j.JMeter: Available Processors =12
2026-06-13 18:57:01,003 INFO o.a.j.JMeter: Default Locale=English (EN)
2026-06-13 18:57:01,003 INFO o.a.j.JMeter: JMeter  Locale=English (EN)
2026-06-13 18:57:01,003 INFO o.a.j.JMeter: JMeterHome=/opt/jmeter
2026-06-13 18:57:01,003 INFO o.a.j.JMeter: user.dir  =/home/lingshin/Downloads/git/hrm_26
2026-06-13 18:57:01,003 INFO o.a.j.JMeter: PWD       =/home/lingshin/Downloads/git/hrm_26
2026-06-13 18:57:01,004 INFO o.a.j.JMeter: IP: 127.0.1.1 Name: Avalon FullName: Avalon.localdomain
2026-06-13 18:57:01,009 INFO o.a.j.JMeter: Setting property 'jmeter.reportgenerator.outputdir' to:'/home/lingshin/Downloads/git/hrm_26/./report'
2026-06-13 18:57:01,016 INFO o.a.j.s.FileServer: Default base='/home/lingshin/Downloads/git/hrm_26'
2026-06-13 18:57:01,017 INFO o.a.j.s.FileServer: Set new base='/home/lingshin/Downloads/git/hrm_26'
2026-06-13 18:57:01,117 INFO o.a.j.s.SaveService: Testplan (JMX) version: 2.2. Testlog (JTL) version: 2.2
2026-06-13 18:57:01,132 INFO o.a.j.s.SaveService: Using SaveService properties version 5.0
2026-06-13 18:57:01,134 INFO o.a.j.s.SaveService: Using SaveService properties file encoding UTF-8
2026-06-13 18:57:01,135 INFO o.a.j.s.SaveService: Loading file: hrm_performance_test.jmx
2026-06-13 18:57:01,153 INFO o.a.j.p.h.c.CookieManager: Settings: Delete null: true Check: true Allow variable: true Save: false Prefix: COOKIE_
2026-06-13 18:57:01,168 INFO o.a.j.p.h.s.HTTPSamplerBase: Parser for text/html is org.apache.jmeter.protocol.http.parser.LagartoBasedHtmlParser
2026-06-13 18:57:01,168 INFO o.a.j.p.h.s.HTTPSamplerBase: Parser for application/xhtml+xml is org.apache.jmeter.protocol.http.parser.LagartoBasedHtmlParser
2026-06-13 18:57:01,168 INFO o.a.j.p.h.s.HTTPSamplerBase: Parser for application/xml is org.apache.jmeter.protocol.http.parser.LagartoBasedHtmlParser
2026-06-13 18:57:01,168 INFO o.a.j.p.h.s.HTTPSamplerBase: Parser for text/xml is org.apache.jmeter.protocol.http.parser.LagartoBasedHtmlParser
2026-06-13 18:57:01,168 INFO o.a.j.p.h.s.HTTPSamplerBase: Parser for text/vnd.wap.wml is org.apache.jmeter.protocol.http.parser.RegexpHTMLParser
2026-06-13 18:57:01,168 INFO o.a.j.p.h.s.HTTPSamplerBase: Parser for text/css is org.apache.jmeter.protocol.http.parser.CssParser
2026-06-13 18:57:01,198 INFO o.a.j.JMeter: Creating summariser <summary>
2026-06-13 18:57:01,201 INFO o.a.j.r.d.ReportGenerator: ReportGenerator will use for Parsing the separator: ','
2026-06-13 18:57:01,201 INFO o.a.j.r.d.ReportGenerator: Will generate report at end of test from  results file: result.jtl
2026-06-13 18:57:01,201 INFO o.a.j.r.d.ReportGenerator: Reading report generator properties from: /opt/jmeter/bin/reportgenerator.properties
2026-06-13 18:57:01,201 INFO o.a.j.r.d.ReportGenerator: Merging with JMeter properties
2026-06-13 18:57:01,204 INFO o.a.j.r.c.ReportGeneratorConfiguration: Property 'jmeter.reportgenerator.temp_dir' not found, using default value 'temp' instead.
2026-06-13 18:57:01,205 INFO o.a.j.r.c.ReportGeneratorConfiguration: Property 'jmeter.reportgenerator.apdex_per_transaction' not found, using default value 'null' instead.
2026-06-13 18:57:01,205 INFO o.a.j.r.c.ReportGeneratorConfiguration: apdex_per_transaction is empty, not APDEX per transaction customization
2026-06-13 18:57:01,205 INFO o.a.j.r.c.ReportGeneratorConfiguration: Property 'jmeter.reportgenerator.sample_filter' not found, using default value 'null' instead.
2026-06-13 18:57:01,205 INFO o.a.j.r.c.ReportGeneratorConfiguration: Property 'jmeter.reportgenerator.report_title' not found, using default value 'null' instead.
2026-06-13 18:57:01,205 INFO o.a.j.r.c.ReportGeneratorConfiguration: Property 'jmeter.reportgenerator.start_date' not found, using default value 'null' instead.
2026-06-13 18:57:01,205 INFO o.a.j.r.c.ReportGeneratorConfiguration: Property 'jmeter.reportgenerator.end_date' not found, using default value 'null' instead.
2026-06-13 18:57:01,205 INFO o.a.j.r.c.ReportGeneratorConfiguration: Property 'jmeter.reportgenerator.date_format' not found, using default value 'null' instead.
2026-06-13 18:57:01,205 INFO o.a.j.r.c.ReportGeneratorConfiguration: Will use date range start date: null, end date: null
2026-06-13 18:57:01,208 INFO o.a.j.r.c.ReportGeneratorConfiguration: Property 'jmeter.reportgenerator.graph.totalTPS.exclude_controllers' not found, using default value 'false' instead.
2026-06-13 18:57:01,208 INFO o.a.j.r.c.ReportGeneratorConfiguration: Property 'jmeter.reportgenerator.graph.activeThreadsOverTime.exclude_controllers' not found, using default value 'false' instead.
2026-06-13 18:57:01,208 INFO o.a.j.r.c.ReportGeneratorConfiguration: Property 'jmeter.reportgenerator.graph.timeVsThreads.exclude_controllers' not found, using default value 'false' instead.
2026-06-13 18:57:01,208 INFO o.a.j.r.c.ReportGeneratorConfiguration: Property 'jmeter.reportgenerator.graph.responseTimeDistribution.exclude_controllers' not found, using default value 'false' instead.
2026-06-13 18:57:01,208 INFO o.a.j.r.c.ReportGeneratorConfiguration: Property 'jmeter.reportgenerator.graph.transactionsPerSecond.exclude_controllers' not found, using default value 'false' instead.
2026-06-13 18:57:01,208 INFO o.a.j.r.c.ReportGeneratorConfiguration: Property 'jmeter.reportgenerator.graph.responseTimePercentiles.exclude_controllers' not found, using default value 'false' instead.
2026-06-13 18:57:01,208 INFO o.a.j.r.c.ReportGeneratorConfiguration: Property 'jmeter.reportgenerator.graph.responseTimePercentilesOverTime.exclude_controllers' not found, using default value 'false' instead.
2026-06-13 18:57:01,209 INFO o.a.j.r.c.ReportGeneratorConfiguration: Property 'jmeter.reportgenerator.graph.responseTimesOverTime.exclude_controllers' not found, using default value 'false' instead.
2026-06-13 18:57:01,209 INFO o.a.j.r.c.ReportGeneratorConfiguration: Property 'jmeter.reportgenerator.graph.connectTimeOverTime.exclude_controllers' not found, using default value 'false' instead.
2026-06-13 18:57:01,209 INFO o.a.j.r.c.ReportGeneratorConfiguration: Property 'jmeter.reportgenerator.graph.latenciesOverTime.exclude_controllers' not found, using default value 'false' instead.
2026-06-13 18:57:01,209 INFO o.a.j.r.c.ReportGeneratorConfiguration: Property 'jmeter.reportgenerator.exporter.json.filters_only_sample_series' not found, using default value 'true' instead.
2026-06-13 18:57:01,209 INFO o.a.j.r.c.ReportGeneratorConfiguration: Property 'jmeter.reportgenerator.exporter.json.series_filter' not found, using default value '' instead.
2026-06-13 18:57:01,209 INFO o.a.j.r.c.ReportGeneratorConfiguration: Property 'jmeter.reportgenerator.exporter.json.show_controllers_only' not found, using default value 'false' instead.
2026-06-13 18:57:01,209 INFO o.a.j.r.c.ReportGeneratorConfiguration: Property 'jmeter.reportgenerator.exporter.html.filters_only_sample_series' not found, using default value 'true' instead.
2026-06-13 18:57:01,209 INFO o.a.j.r.c.ReportGeneratorConfiguration: Property 'jmeter.reportgenerator.exporter.html.series_filter' not found, using default value '' instead.
2026-06-13 18:57:01,210 INFO o.a.j.r.c.ReportGeneratorConfiguration: Property 'jmeter.reportgenerator.exporter.html.show_controllers_only' not found, using default value 'false' instead.
2026-06-13 18:57:01,216 INFO o.a.j.e.StandardJMeterEngine: Running the test!
2026-06-13 18:57:01,216 INFO o.a.j.s.SampleEvent: List of sample_variables: []
2026-06-13 18:57:01,216 INFO o.a.j.s.SampleEvent: List of sample_variables: []
2026-06-13 18:57:01,218 INFO o.a.j.e.u.CompoundVariable: Note: Function class names must contain the string: '.functions.'
2026-06-13 18:57:01,218 INFO o.a.j.e.u.CompoundVariable: Note: Function class names must not contain the string: '.gui.'
2026-06-13 18:57:01,279 INFO o.a.j.JMeter: Running test (1781348221279)
2026-06-13 18:57:01,290 INFO o.a.j.e.StandardJMeterEngine: Starting ThreadGroup: 1 : 核心业务压测 (50线程)
2026-06-13 18:57:01,290 INFO o.a.j.e.StandardJMeterEngine: Starting 50 threads for group 核心业务压测 (50线程).
2026-06-13 18:57:01,290 INFO o.a.j.e.StandardJMeterEngine: Thread will continue on error
2026-06-13 18:57:01,290 INFO o.a.j.t.ThreadGroup: Starting thread group... number=1 threads=50 ramp-up=5 delayedStart=false
2026-06-13 18:57:01,296 INFO o.a.j.t.JMeterThread: Thread started: 核心业务压测 (50线程) 1-1
2026-06-13 18:57:01,310 INFO o.a.j.t.ThreadGroup: Started thread group number 1
2026-06-13 18:57:01,310 INFO o.a.j.e.StandardJMeterEngine: Starting ThreadGroup: 2 : 峰值压测 (100线程)
2026-06-13 18:57:01,310 INFO o.a.j.e.StandardJMeterEngine: Starting 100 threads for group 峰值压测 (100线程).
2026-06-13 18:57:01,310 INFO o.a.j.e.StandardJMeterEngine: Thread will continue on error
2026-06-13 18:57:01,310 INFO o.a.j.t.ThreadGroup: Starting thread group... number=2 threads=100 ramp-up=3 delayedStart=false
2026-06-13 18:57:01,310 INFO o.a.j.t.JMeterThread: Thread started: 峰值压测 (100线程) 2-1
2026-06-13 18:57:01,335 INFO o.a.j.t.ThreadGroup: Started thread group number 2
2026-06-13 18:57:01,335 INFO o.a.j.e.StandardJMeterEngine: All thread groups have been started
2026-06-13 18:57:01,341 INFO o.a.j.t.JMeterThread: Thread started: 峰值压测 (100线程) 2-2
2026-06-13 18:57:01,370 INFO o.a.j.t.JMeterThread: Thread started: 峰值压测 (100线程) 2-3
2026-06-13 18:57:01,393 INFO o.a.j.t.JMeterThread: Thread started: 核心业务压测 (50线程) 1-2
2026-06-13 18:57:01,400 INFO o.a.j.t.JMeterThread: Thread started: 峰值压测 (100线程) 2-4
2026-06-13 18:57:01,431 INFO o.a.j.t.JMeterThread: Thread started: 峰值压测 (100线程) 2-5
2026-06-13 18:57:01,437 INFO o.a.j.p.h.s.HTTPHCAbstractImpl: Local host = Avalon
2026-06-13 18:57:01,442 INFO o.a.j.p.h.s.HTTPHC4Impl: HTTP request retry count = 0
2026-06-13 18:57:01,443 INFO o.a.j.s.SampleResult: Note: Sample TimeStamps are START times
2026-06-13 18:57:01,443 INFO o.a.j.s.SampleResult: sampleresult.default.encoding is set to UTF-8
2026-06-13 18:57:01,443 INFO o.a.j.s.SampleResult: sampleresult.useNanoTime=true
2026-06-13 18:57:01,443 INFO o.a.j.s.SampleResult: sampleresult.nanoThreadSleep=5000
2026-06-13 18:57:01,461 INFO o.a.j.t.JMeterThread: Thread started: 峰值压测 (100线程) 2-6
2026-06-13 18:57:01,490 INFO o.a.j.t.JMeterThread: Thread started: 峰值压测 (100线程) 2-7
2026-06-13 18:57:01,492 INFO o.a.j.t.JMeterThread: Thread started: 核心业务压测 (50线程) 1-3
2026-06-13 18:57:01,520 INFO o.a.j.t.JMeterThread: Thread started: 峰值压测 (100线程) 2-8
2026-06-13 18:57:01,551 INFO o.a.j.t.JMeterThread: Thread started: 峰值压测 (100线程) 2-9
2026-06-13 18:57:01,581 INFO o.a.j.t.JMeterThread: Thread started: 峰值压测 (100线程) 2-10
2026-06-13 18:57:01,592 INFO o.a.j.t.JMeterThread: Thread started: 核心业务压测 (50线程) 1-4
2026-06-13 18:57:01,610 INFO o.a.j.t.JMeterThread: Thread started: 峰值压测 (100线程) 2-11
2026-06-13 18:57:01,640 INFO o.a.j.t.JMeterThread: Thread started: 峰值压测 (100线程) 2-12
2026-06-13 18:57:01,671 INFO o.a.j.t.JMeterThread: Thread started: 峰值压测 (100线程) 2-13
2026-06-13 18:57:01,691 INFO o.a.j.t.JMeterThread: Thread started: 核心业务压测 (50线程) 1-5
2026-06-13 18:57:01,701 INFO o.a.j.t.JMeterThread: Thread started: 峰值压测 (100线程) 2-14
2026-06-13 18:57:01,733 INFO o.a.j.t.JMeterThread: Thread started: 峰值压测 (100线程) 2-15
2026-06-13 18:57:01,760 INFO o.a.j.t.JMeterThread: Thread started: 峰值压测 (100线程) 2-16
2026-06-13 18:57:01,791 INFO o.a.j.t.JMeterThread: Thread started: 峰值压测 (100线程) 2-17
2026-06-13 18:57:01,791 INFO o.a.j.t.JMeterThread: Thread started: 核心业务压测 (50线程) 1-6
2026-06-13 18:57:01,821 INFO o.a.j.t.JMeterThread: Thread started: 峰值压测 (100线程) 2-18
2026-06-13 18:57:01,850 INFO o.a.j.t.JMeterThread: Thread started: 峰值压测 (100线程) 2-19
2026-06-13 18:57:01,880 INFO o.a.j.t.JMeterThread: Thread started: 峰值压测 (100线程) 2-20
2026-06-13 18:57:01,892 INFO o.a.j.t.JMeterThread: Thread started: 核心业务压测 (50线程) 1-7
2026-06-13 18:57:01,911 INFO o.a.j.t.JMeterThread: Thread started: 峰值压测 (100线程) 2-21
2026-06-13 18:57:01,941 INFO o.a.j.t.JMeterThread: Thread started: 峰值压测 (100线程) 2-22
2026-06-13 18:57:01,972 INFO o.a.j.t.JMeterThread: Thread started: 峰值压测 (100线程) 2-23
2026-06-13 18:57:01,992 INFO o.a.j.t.JMeterThread: Thread started: 核心业务压测 (50线程) 1-8
2026-06-13 18:57:02,000 INFO o.a.j.t.JMeterThread: Thread started: 峰值压测 (100线程) 2-24
2026-06-13 18:57:02,031 INFO o.a.j.t.JMeterThread: Thread started: 峰值压测 (100线程) 2-25
2026-06-13 18:57:02,033 INFO o.a.j.r.Summariser: summary +      1 in 00:00:01 =    1.3/s Avg:   330 Min:   330 Max:   330 Err:     0 (0.00%) Active: 33 Started: 33 Finished: 0
2026-06-13 18:57:02,061 INFO o.a.j.t.JMeterThread: Thread started: 峰值压测 (100线程) 2-26
2026-06-13 18:57:02,091 INFO o.a.j.t.JMeterThread: Thread started: 峰值压测 (100线程) 2-27
2026-06-13 18:57:02,091 INFO o.a.j.t.JMeterThread: Thread started: 核心业务压测 (50线程) 1-9
2026-06-13 18:57:02,121 INFO o.a.j.t.JMeterThread: Thread started: 峰值压测 (100线程) 2-28
2026-06-13 18:57:02,150 INFO o.a.j.t.JMeterThread: Thread started: 峰值压测 (100线程) 2-29
2026-06-13 18:57:02,180 INFO o.a.j.t.JMeterThread: Thread started: 峰值压测 (100线程) 2-30
2026-06-13 18:57:02,191 INFO o.a.j.t.JMeterThread: Thread started: 核心业务压测 (50线程) 1-10
2026-06-13 18:57:02,211 INFO o.a.j.t.JMeterThread: Thread started: 峰值压测 (100线程) 2-31
2026-06-13 18:57:02,241 INFO o.a.j.t.JMeterThread: Thread started: 峰值压测 (100线程) 2-32
2026-06-13 18:57:02,270 INFO o.a.j.t.JMeterThread: Thread started: 峰值压测 (100线程) 2-33
2026-06-13 18:57:02,291 INFO o.a.j.t.JMeterThread: Thread started: 核心业务压测 (50线程) 1-11
2026-06-13 18:57:02,301 INFO o.a.j.t.JMeterThread: Thread started: 峰值压测 (100线程) 2-34
2026-06-13 18:57:02,331 INFO o.a.j.t.JMeterThread: Thread started: 峰值压测 (100线程) 2-35
2026-06-13 18:57:02,360 INFO o.a.j.t.JMeterThread: Thread started: 峰值压测 (100线程) 2-36
2026-06-13 18:57:02,391 INFO o.a.j.t.JMeterThread: Thread started: 峰值压测 (100线程) 2-37
2026-06-13 18:57:02,391 INFO o.a.j.t.JMeterThread: Thread started: 核心业务压测 (50线程) 1-12
2026-06-13 18:57:02,421 INFO o.a.j.t.JMeterThread: Thread started: 峰值压测 (100线程) 2-38
2026-06-13 18:57:02,450 INFO o.a.j.t.JMeterThread: Thread started: 峰值压测 (100线程) 2-39
2026-06-13 18:57:02,480 INFO o.a.j.t.JMeterThread: Thread started: 峰值压测 (100线程) 2-40
2026-06-13 18:57:02,491 INFO o.a.j.t.JMeterThread: Thread started: 核心业务压测 (50线程) 1-13
2026-06-13 18:57:02,510 INFO o.a.j.t.JMeterThread: Thread started: 峰值压测 (100线程) 2-41
2026-06-13 18:57:02,541 INFO o.a.j.t.JMeterThread: Thread started: 峰值压测 (100线程) 2-42
2026-06-13 18:57:02,571 INFO o.a.j.t.JMeterThread: Thread started: 峰值压测 (100线程) 2-43
2026-06-13 18:57:02,591 INFO o.a.j.t.JMeterThread: Thread started: 核心业务压测 (50线程) 1-14
2026-06-13 18:57:02,600 INFO o.a.j.t.JMeterThread: Thread started: 峰值压测 (100线程) 2-44
2026-06-13 18:57:02,630 INFO o.a.j.t.JMeterThread: Thread started: 峰值压测 (100线程) 2-45
2026-06-13 18:57:02,661 INFO o.a.j.t.JMeterThread: Thread started: 峰值压测 (100线程) 2-46
2026-06-13 18:57:02,690 INFO o.a.j.t.JMeterThread: Thread started: 核心业务压测 (50线程) 1-15
2026-06-13 18:57:02,690 INFO o.a.j.t.JMeterThread: Thread started: 峰值压测 (100线程) 2-47
2026-06-13 18:57:02,720 INFO o.a.j.t.JMeterThread: Thread started: 峰值压测 (100线程) 2-48
2026-06-13 18:57:02,751 INFO o.a.j.t.JMeterThread: Thread started: 峰值压测 (100线程) 2-49
2026-06-13 18:57:02,781 INFO o.a.j.t.JMeterThread: Thread started: 峰值压测 (100线程) 2-50
2026-06-13 18:57:02,791 INFO o.a.j.t.JMeterThread: Thread started: 核心业务压测 (50线程) 1-16
2026-06-13 18:57:02,811 INFO o.a.j.t.JMeterThread: Thread started: 峰值压测 (100线程) 2-51
2026-06-13 18:57:02,840 INFO o.a.j.t.JMeterThread: Thread started: 峰值压测 (100线程) 2-52
2026-06-13 18:57:02,871 INFO o.a.j.t.JMeterThread: Thread started: 峰值压测 (100线程) 2-53
2026-06-13 18:57:02,891 INFO o.a.j.t.JMeterThread: Thread started: 核心业务压测 (50线程) 1-17
2026-06-13 18:57:02,901 INFO o.a.j.t.JMeterThread: Thread started: 峰值压测 (100线程) 2-54
2026-06-13 18:57:02,931 INFO o.a.j.t.JMeterThread: Thread started: 峰值压测 (100线程) 2-55
2026-06-13 18:57:02,960 INFO o.a.j.t.JMeterThread: Thread started: 峰值压测 (100线程) 2-56
2026-06-13 18:57:02,990 INFO o.a.j.t.JMeterThread: Thread started: 峰值压测 (100线程) 2-57
2026-06-13 18:57:02,991 INFO o.a.j.t.JMeterThread: Thread started: 核心业务压测 (50线程) 1-18
2026-06-13 18:57:03,020 INFO o.a.j.t.JMeterThread: Thread started: 峰值压测 (100线程) 2-58
2026-06-13 18:57:03,051 INFO o.a.j.t.JMeterThread: Thread started: 峰值压测 (100线程) 2-59
2026-06-13 18:57:03,081 INFO o.a.j.t.JMeterThread: Thread started: 峰值压测 (100线程) 2-60
2026-06-13 18:57:03,090 INFO o.a.j.t.JMeterThread: Thread started: 核心业务压测 (50线程) 1-19
2026-06-13 18:57:03,110 INFO o.a.j.t.JMeterThread: Thread started: 峰值压测 (100线程) 2-61
2026-06-13 18:57:03,140 INFO o.a.j.t.JMeterThread: Thread started: 峰值压测 (100线程) 2-62
2026-06-13 18:57:03,170 INFO o.a.j.t.JMeterThread: Thread started: 峰值压测 (100线程) 2-63
2026-06-13 18:57:03,191 INFO o.a.j.t.JMeterThread: Thread started: 核心业务压测 (50线程) 1-20
2026-06-13 18:57:03,201 INFO o.a.j.t.JMeterThread: Thread started: 峰值压测 (100线程) 2-64
2026-06-13 18:57:03,230 INFO o.a.j.t.JMeterThread: Thread started: 峰值压测 (100线程) 2-65
2026-06-13 18:57:03,260 INFO o.a.j.t.JMeterThread: Thread started: 峰值压测 (100线程) 2-66
2026-06-13 18:57:03,290 INFO o.a.j.t.JMeterThread: Thread started: 峰值压测 (100线程) 2-67
2026-06-13 18:57:03,291 INFO o.a.j.t.JMeterThread: Thread started: 核心业务压测 (50线程) 1-21
2026-06-13 18:57:03,321 INFO o.a.j.t.JMeterThread: Thread started: 峰值压测 (100线程) 2-68
2026-06-13 18:57:03,351 INFO o.a.j.t.JMeterThread: Thread started: 峰值压测 (100线程) 2-69
2026-06-13 18:57:03,380 INFO o.a.j.t.JMeterThread: Thread started: 峰值压测 (100线程) 2-70
2026-06-13 18:57:03,391 INFO o.a.j.t.JMeterThread: Thread started: 核心业务压测 (50线程) 1-22
2026-06-13 18:57:03,410 INFO o.a.j.t.JMeterThread: Thread started: 峰值压测 (100线程) 2-71
2026-06-13 18:57:03,440 INFO o.a.j.t.JMeterThread: Thread started: 峰值压测 (100线程) 2-72
2026-06-13 18:57:03,471 INFO o.a.j.t.JMeterThread: Thread started: 峰值压测 (100线程) 2-73
2026-06-13 18:57:03,491 INFO o.a.j.t.JMeterThread: Thread started: 核心业务压测 (50线程) 1-23
2026-06-13 18:57:03,501 INFO o.a.j.t.JMeterThread: Thread started: 峰值压测 (100线程) 2-74
2026-06-13 18:57:03,531 INFO o.a.j.t.JMeterThread: Thread started: 峰值压测 (100线程) 2-75
2026-06-13 18:57:03,561 INFO o.a.j.t.JMeterThread: Thread started: 峰值压测 (100线程) 2-76
2026-06-13 18:57:03,590 INFO o.a.j.t.JMeterThread: Thread started: 峰值压测 (100线程) 2-77
2026-06-13 18:57:03,591 INFO o.a.j.t.JMeterThread: Thread started: 核心业务压测 (50线程) 1-24
2026-06-13 18:57:03,621 INFO o.a.j.t.JMeterThread: Thread started: 峰值压测 (100线程) 2-78
2026-06-13 18:57:03,651 INFO o.a.j.t.JMeterThread: Thread started: 峰值压测 (100线程) 2-79
2026-06-13 18:57:03,680 INFO o.a.j.t.JMeterThread: Thread started: 峰值压测 (100线程) 2-80
2026-06-13 18:57:03,691 INFO o.a.j.t.JMeterThread: Thread started: 核心业务压测 (50线程) 1-25
2026-06-13 18:57:03,710 INFO o.a.j.t.JMeterThread: Thread started: 峰值压测 (100线程) 2-81
2026-06-13 18:57:03,741 INFO o.a.j.t.JMeterThread: Thread started: 峰值压测 (100线程) 2-82
2026-06-13 18:57:03,771 INFO o.a.j.t.JMeterThread: Thread started: 峰值压测 (100线程) 2-83
2026-06-13 18:57:03,790 INFO o.a.j.t.JMeterThread: Thread started: 核心业务压测 (50线程) 1-26
2026-06-13 18:57:03,800 INFO o.a.j.t.JMeterThread: Thread started: 峰值压测 (100线程) 2-84
2026-06-13 18:57:03,830 INFO o.a.j.t.JMeterThread: Thread started: 峰值压测 (100线程) 2-85
2026-06-13 18:57:03,860 INFO o.a.j.t.JMeterThread: Thread started: 峰值压测 (100线程) 2-86
2026-06-13 18:57:03,890 INFO o.a.j.t.JMeterThread: Thread started: 核心业务压测 (50线程) 1-27
2026-06-13 18:57:03,891 INFO o.a.j.t.JMeterThread: Thread started: 峰值压测 (100线程) 2-87
2026-06-13 18:57:03,921 INFO o.a.j.t.JMeterThread: Thread started: 峰值压测 (100线程) 2-88
2026-06-13 18:57:03,950 INFO o.a.j.t.JMeterThread: Thread started: 峰值压测 (100线程) 2-89
2026-06-13 18:57:03,980 INFO o.a.j.t.JMeterThread: Thread started: 峰值压测 (100线程) 2-90
2026-06-13 18:57:03,990 INFO o.a.j.t.JMeterThread: Thread started: 核心业务压测 (50线程) 1-28
2026-06-13 18:57:04,011 INFO o.a.j.t.JMeterThread: Thread started: 峰值压测 (100线程) 2-91
2026-06-13 18:57:04,041 INFO o.a.j.t.JMeterThread: Thread started: 峰值压测 (100线程) 2-92
2026-06-13 18:57:04,070 INFO o.a.j.t.JMeterThread: Thread started: 峰值压测 (100线程) 2-93
2026-06-13 18:57:04,091 INFO o.a.j.t.JMeterThread: Thread started: 核心业务压测 (50线程) 1-29
2026-06-13 18:57:04,100 INFO o.a.j.t.JMeterThread: Thread started: 峰值压测 (100线程) 2-94
2026-06-13 18:57:04,130 INFO o.a.j.t.JMeterThread: Thread started: 峰值压测 (100线程) 2-95
2026-06-13 18:57:04,160 INFO o.a.j.t.JMeterThread: Thread started: 峰值压测 (100线程) 2-96
2026-06-13 18:57:04,190 INFO o.a.j.t.JMeterThread: Thread started: 核心业务压测 (50线程) 1-30
2026-06-13 18:57:04,191 INFO o.a.j.t.JMeterThread: Thread started: 峰值压测 (100线程) 2-97
2026-06-13 18:57:04,221 INFO o.a.j.t.JMeterThread: Thread started: 峰值压测 (100线程) 2-98
2026-06-13 18:57:04,250 INFO o.a.j.t.JMeterThread: Thread started: 峰值压测 (100线程) 2-99
2026-06-13 18:57:04,280 INFO o.a.j.t.JMeterThread: Thread started: 峰值压测 (100线程) 2-100
2026-06-13 18:57:04,291 INFO o.a.j.t.JMeterThread: Thread started: 核心业务压测 (50线程) 1-31
2026-06-13 18:57:04,391 INFO o.a.j.t.JMeterThread: Thread started: 核心业务压测 (50线程) 1-32
2026-06-13 18:57:04,491 INFO o.a.j.t.JMeterThread: Thread started: 核心业务压测 (50线程) 1-33
2026-06-13 18:57:04,590 INFO o.a.j.t.JMeterThread: Thread started: 核心业务压测 (50线程) 1-34
2026-06-13 18:57:04,691 INFO o.a.j.t.JMeterThread: Thread started: 核心业务压测 (50线程) 1-35
2026-06-13 18:57:04,790 INFO o.a.j.t.JMeterThread: Thread started: 核心业务压测 (50线程) 1-36
2026-06-13 18:57:04,891 INFO o.a.j.t.JMeterThread: Thread started: 核心业务压测 (50线程) 1-37
2026-06-13 18:57:04,991 INFO o.a.j.t.JMeterThread: Thread started: 核心业务压测 (50线程) 1-38
2026-06-13 18:57:05,091 INFO o.a.j.t.JMeterThread: Thread started: 核心业务压测 (50线程) 1-39
2026-06-13 18:57:05,190 INFO o.a.j.t.JMeterThread: Thread started: 核心业务压测 (50线程) 1-40
2026-06-13 18:57:05,291 INFO o.a.j.t.JMeterThread: Thread started: 核心业务压测 (50线程) 1-41
2026-06-13 18:57:05,390 INFO o.a.j.t.JMeterThread: Thread started: 核心业务压测 (50线程) 1-42
2026-06-13 18:57:05,491 INFO o.a.j.t.JMeterThread: Thread started: 核心业务压测 (50线程) 1-43
2026-06-13 18:57:05,590 INFO o.a.j.t.JMeterThread: Thread started: 核心业务压测 (50线程) 1-44
2026-06-13 18:57:05,691 INFO o.a.j.t.JMeterThread: Thread started: 核心业务压测 (50线程) 1-45
2026-06-13 18:57:05,790 INFO o.a.j.t.JMeterThread: Thread started: 核心业务压测 (50线程) 1-46
2026-06-13 18:57:05,890 INFO o.a.j.t.JMeterThread: Thread started: 核心业务压测 (50线程) 1-47
2026-06-13 18:57:05,990 INFO o.a.j.t.JMeterThread: Thread started: 核心业务压测 (50线程) 1-48
2026-06-13 18:57:06,091 INFO o.a.j.t.JMeterThread: Thread started: 核心业务压测 (50线程) 1-49
2026-06-13 18:57:06,191 INFO o.a.j.t.JMeterThread: Thread started: 核心业务压测 (50线程) 1-50
2026-06-13 18:57:16,283 INFO o.a.j.t.JMeterThread: Thread finished: 峰值压测 (100线程) 2-64
2026-06-13 18:57:16,438 INFO o.a.j.t.JMeterThread: Stopping because end time detected by thread: 峰值压测 (100线程) 2-99
2026-06-13 18:57:16,438 INFO o.a.j.t.JMeterThread: Thread finished: 峰值压测 (100线程) 2-99
2026-06-13 18:57:16,779 INFO o.a.j.t.JMeterThread: Stopping because end time detected by thread: 峰值压测 (100线程) 2-29
2026-06-13 18:57:16,779 INFO o.a.j.t.JMeterThread: Thread finished: 峰值压测 (100线程) 2-29
2026-06-13 18:57:17,167 INFO o.a.j.t.JMeterThread: Stopping because end time detected by thread: 峰值压测 (100线程) 2-82
2026-06-13 18:57:17,167 INFO o.a.j.t.JMeterThread: Thread finished: 峰值压测 (100线程) 2-82
2026-06-13 18:57:17,222 INFO o.a.j.t.JMeterThread: Stopping because end time detected by thread: 峰值压测 (100线程) 2-52
2026-06-13 18:57:17,222 INFO o.a.j.t.JMeterThread: Stopping because end time detected by thread: 峰值压测 (100线程) 2-51
2026-06-13 18:57:17,222 INFO o.a.j.t.JMeterThread: Thread finished: 峰值压测 (100线程) 2-52
2026-06-13 18:57:17,222 INFO o.a.j.t.JMeterThread: Thread finished: 峰值压测 (100线程) 2-51
2026-06-13 18:57:18,225 INFO o.a.j.t.JMeterThread: Stopping because end time detected by thread: 峰值压测 (100线程) 2-46
2026-06-13 18:57:18,226 INFO o.a.j.t.JMeterThread: Thread finished: 峰值压测 (100线程) 2-46
2026-06-13 18:57:18,540 INFO o.a.j.t.JMeterThread: Stopping because end time detected by thread: 峰值压测 (100线程) 2-39
2026-06-13 18:57:18,541 INFO o.a.j.t.JMeterThread: Thread finished: 峰值压测 (100线程) 2-39
2026-06-13 18:57:18,829 INFO o.a.j.t.JMeterThread: Stopping because end time detected by thread: 峰值压测 (100线程) 2-88
2026-06-13 18:57:18,829 INFO o.a.j.t.JMeterThread: Thread finished: 峰值压测 (100线程) 2-88
2026-06-13 18:57:18,965 INFO o.a.j.t.JMeterThread: Stopping because end time detected by thread: 峰值压测 (100线程) 2-53
2026-06-13 18:57:18,965 INFO o.a.j.t.JMeterThread: Thread finished: 峰值压测 (100线程) 2-53
2026-06-13 18:57:18,994 INFO o.a.j.t.JMeterThread: Stopping because end time detected by thread: 峰值压测 (100线程) 2-73
2026-06-13 18:57:18,994 INFO o.a.j.t.JMeterThread: Thread finished: 峰值压测 (100线程) 2-73
2026-06-13 18:57:19,502 INFO o.a.j.t.JMeterThread: Stopping because end time detected by thread: 峰值压测 (100线程) 2-81
2026-06-13 18:57:19,502 INFO o.a.j.t.JMeterThread: Thread finished: 峰值压测 (100线程) 2-81
2026-06-13 18:57:20,054 INFO o.a.j.t.JMeterThread: Stopping because end time detected by thread: 峰值压测 (100线程) 2-38
2026-06-13 18:57:20,054 INFO o.a.j.t.JMeterThread: Thread finished: 峰值压测 (100线程) 2-38
2026-06-13 18:57:33,100 INFO o.a.j.r.Summariser: summary +    304 in 00:00:31 =    9.8/s Avg:  3346 Min:    77 Max: 30965 Err:     0 (0.00%) Active: 137 Started: 150 Finished: 13
2026-06-13 18:57:33,101 INFO o.a.j.r.Summariser: summary =    305 in 00:00:32 =    9.6/s Avg:  3336 Min:    77 Max: 30965 Err:     0 (0.00%)
2026-06-13 18:57:33,101 INFO o.a.j.t.JMeterThread: Stopping because end time detected by thread: 峰值压测 (100线程) 2-14
2026-06-13 18:57:33,101 INFO o.a.j.t.JMeterThread: Thread finished: 峰值压测 (100线程) 2-14
2026-06-13 18:57:33,568 INFO o.a.j.t.JMeterThread: Stopping because end time detected by thread: 峰值压测 (100线程) 2-11
2026-06-13 18:57:33,568 INFO o.a.j.t.JMeterThread: Thread finished: 峰值压测 (100线程) 2-11
2026-06-13 18:57:33,717 INFO o.a.j.t.JMeterThread: Stopping because end time detected by thread: 峰值压测 (100线程) 2-21
2026-06-13 18:57:33,717 INFO o.a.j.t.JMeterThread: Thread finished: 峰值压测 (100线程) 2-21
2026-06-13 18:57:34,596 INFO o.a.j.t.JMeterThread: Stopping because end time detected by thread: 峰值压测 (100线程) 2-20
2026-06-13 18:57:34,596 INFO o.a.j.t.JMeterThread: Thread finished: 峰值压测 (100线程) 2-20
2026-06-13 18:57:34,719 INFO o.a.j.t.JMeterThread: Stopping because end time detected by thread: 峰值压测 (100线程) 2-1
2026-06-13 18:57:34,720 INFO o.a.j.t.JMeterThread: Thread finished: 峰值压测 (100线程) 2-1
2026-06-13 18:57:35,009 INFO o.a.j.t.JMeterThread: Stopping because end time detected by thread: 峰值压测 (100线程) 2-32
2026-06-13 18:57:35,009 INFO o.a.j.t.JMeterThread: Thread finished: 峰值压测 (100线程) 2-32
2026-06-13 18:57:35,256 INFO o.a.j.t.JMeterThread: Stopping because end time detected by thread: 核心业务压测 (50线程) 1-6
2026-06-13 18:57:35,256 INFO o.a.j.t.JMeterThread: Thread finished: 核心业务压测 (50线程) 1-6
2026-06-13 18:57:35,653 INFO o.a.j.t.JMeterThread: Stopping because end time detected by thread: 峰值压测 (100线程) 2-30
2026-06-13 18:57:35,654 INFO o.a.j.t.JMeterThread: Thread finished: 峰值压测 (100线程) 2-30
2026-06-13 18:57:36,141 INFO o.a.j.t.JMeterThread: Stopping because end time detected by thread: 核心业务压测 (50线程) 1-4
2026-06-13 18:57:36,141 INFO o.a.j.t.JMeterThread: Thread finished: 核心业务压测 (50线程) 1-4
2026-06-13 18:57:36,416 INFO o.a.j.t.JMeterThread: Stopping because end time detected by thread: 峰值压测 (100线程) 2-63
2026-06-13 18:57:36,416 INFO o.a.j.t.JMeterThread: Thread finished: 峰值压测 (100线程) 2-63
2026-06-13 18:57:36,541 INFO o.a.j.t.JMeterThread: Stopping because end time detected by thread: 核心业务压测 (50线程) 1-23
2026-06-13 18:57:36,542 INFO o.a.j.t.JMeterThread: Thread finished: 核心业务压测 (50线程) 1-23
2026-06-13 18:57:36,610 INFO o.a.j.t.JMeterThread: Stopping because end time detected by thread: 峰值压测 (100线程) 2-54
2026-06-13 18:57:36,610 INFO o.a.j.t.JMeterThread: Thread finished: 峰值压测 (100线程) 2-54
2026-06-13 18:57:36,855 INFO o.a.j.t.JMeterThread: Stopping because end time detected by thread: 峰值压测 (100线程) 2-75
2026-06-13 18:57:36,855 INFO o.a.j.t.JMeterThread: Stopping because end time detected by thread: 核心业务压测 (50线程) 1-2
2026-06-13 18:57:36,855 INFO o.a.j.t.JMeterThread: Thread finished: 峰值压测 (100线程) 2-75
2026-06-13 18:57:36,855 INFO o.a.j.t.JMeterThread: Thread finished: 核心业务压测 (50线程) 1-2
2026-06-13 18:57:36,927 INFO o.a.j.t.JMeterThread: Stopping because end time detected by thread: 峰值压测 (100线程) 2-67
2026-06-13 18:57:36,928 INFO o.a.j.t.JMeterThread: Thread finished: 峰值压测 (100线程) 2-67
2026-06-13 18:57:37,045 INFO o.a.j.t.JMeterThread: Stopping because end time detected by thread: 峰值压测 (100线程) 2-31
2026-06-13 18:57:37,045 INFO o.a.j.t.JMeterThread: Thread finished: 峰值压测 (100线程) 2-31
2026-06-13 18:57:37,059 INFO o.a.j.t.JMeterThread: Stopping because end time detected by thread: 峰值压测 (100线程) 2-71
2026-06-13 18:57:37,059 INFO o.a.j.t.JMeterThread: Thread finished: 峰值压测 (100线程) 2-71
2026-06-13 18:57:37,065 INFO o.a.j.t.JMeterThread: Stopping because end time detected by thread: 峰值压测 (100线程) 2-40
2026-06-13 18:57:37,066 INFO o.a.j.t.JMeterThread: Thread finished: 峰值压测 (100线程) 2-40
2026-06-13 18:57:37,068 INFO o.a.j.t.JMeterThread: Stopping because end time detected by thread: 峰值压测 (100线程) 2-43
2026-06-13 18:57:37,068 INFO o.a.j.t.JMeterThread: Thread finished: 峰值压测 (100线程) 2-43
2026-06-13 18:57:37,078 INFO o.a.j.t.JMeterThread: Stopping because end time detected by thread: 峰值压测 (100线程) 2-69
2026-06-13 18:57:37,078 INFO o.a.j.t.JMeterThread: Thread finished: 峰值压测 (100线程) 2-69
2026-06-13 18:57:37,089 INFO o.a.j.t.JMeterThread: Stopping because end time detected by thread: 峰值压测 (100线程) 2-36
2026-06-13 18:57:37,089 INFO o.a.j.t.JMeterThread: Thread finished: 峰值压测 (100线程) 2-36
2026-06-13 18:57:37,183 INFO o.a.j.t.JMeterThread: Stopping because end time detected by thread: 峰值压测 (100线程) 2-84
2026-06-13 18:57:37,184 INFO o.a.j.t.JMeterThread: Thread finished: 峰值压测 (100线程) 2-84
2026-06-13 18:57:37,312 INFO o.a.j.t.JMeterThread: Stopping because end time detected by thread: 峰值压测 (100线程) 2-83
2026-06-13 18:57:37,312 INFO o.a.j.t.JMeterThread: Thread finished: 峰值压测 (100线程) 2-83
2026-06-13 18:57:37,336 INFO o.a.j.t.JMeterThread: Stopping because end time detected by thread: 核心业务压测 (50线程) 1-5
2026-06-13 18:57:37,336 INFO o.a.j.t.JMeterThread: Thread finished: 核心业务压测 (50线程) 1-5
2026-06-13 18:57:37,423 INFO o.a.j.t.JMeterThread: Stopping because end time detected by thread: 核心业务压测 (50线程) 1-19
2026-06-13 18:57:37,423 INFO o.a.j.t.JMeterThread: Thread finished: 核心业务压测 (50线程) 1-19
2026-06-13 18:57:37,597 INFO o.a.j.t.JMeterThread: Stopping because end time detected by thread: 峰值压测 (100线程) 2-4
2026-06-13 18:57:37,597 INFO o.a.j.t.JMeterThread: Thread finished: 峰值压测 (100线程) 2-4
2026-06-13 18:57:37,598 INFO o.a.j.t.JMeterThread: Stopping because end time detected by thread: 核心业务压测 (50线程) 1-47
2026-06-13 18:57:37,598 INFO o.a.j.t.JMeterThread: Thread finished: 核心业务压测 (50线程) 1-47
2026-06-13 18:57:37,761 INFO o.a.j.t.JMeterThread: Stopping because end time detected by thread: 核心业务压测 (50线程) 1-25
2026-06-13 18:57:37,761 INFO o.a.j.t.JMeterThread: Thread finished: 核心业务压测 (50线程) 1-25
2026-06-13 18:57:37,937 INFO o.a.j.t.JMeterThread: Stopping because end time detected by thread: 核心业务压测 (50线程) 1-28
2026-06-13 18:57:37,937 INFO o.a.j.t.JMeterThread: Stopping because end time detected by thread: 核心业务压测 (50线程) 1-45
2026-06-13 18:57:37,937 INFO o.a.j.t.JMeterThread: Thread finished: 核心业务压测 (50线程) 1-28
2026-06-13 18:57:37,937 INFO o.a.j.t.JMeterThread: Thread finished: 核心业务压测 (50线程) 1-45
2026-06-13 18:57:38,005 INFO o.a.j.t.JMeterThread: Stopping because end time detected by thread: 峰值压测 (100线程) 2-96
2026-06-13 18:57:38,005 INFO o.a.j.t.JMeterThread: Thread finished: 峰值压测 (100线程) 2-96
2026-06-13 18:57:38,231 INFO o.a.j.t.JMeterThread: Stopping because end time detected by thread: 峰值压测 (100线程) 2-86
2026-06-13 18:57:38,231 INFO o.a.j.t.JMeterThread: Thread finished: 峰值压测 (100线程) 2-86
2026-06-13 18:57:38,480 INFO o.a.j.t.JMeterThread: Stopping because end time detected by thread: 峰值压测 (100线程) 2-68
2026-06-13 18:57:38,480 INFO o.a.j.t.JMeterThread: Thread finished: 峰值压测 (100线程) 2-68
2026-06-13 18:57:38,559 INFO o.a.j.t.JMeterThread: Stopping because end time detected by thread: 核心业务压测 (50线程) 1-39
2026-06-13 18:57:38,559 INFO o.a.j.t.JMeterThread: Thread finished: 核心业务压测 (50线程) 1-39
2026-06-13 18:57:38,581 INFO o.a.j.t.JMeterThread: Stopping because end time detected by thread: 峰值压测 (100线程) 2-87
2026-06-13 18:57:38,581 INFO o.a.j.t.JMeterThread: Thread finished: 峰值压测 (100线程) 2-87
2026-06-13 18:57:38,783 INFO o.a.j.t.JMeterThread: Stopping because end time detected by thread: 核心业务压测 (50线程) 1-41
2026-06-13 18:57:38,783 INFO o.a.j.t.JMeterThread: Thread finished: 核心业务压测 (50线程) 1-41
2026-06-13 18:57:38,832 INFO o.a.j.t.JMeterThread: Stopping because end time detected by thread: 核心业务压测 (50线程) 1-43
2026-06-13 18:57:38,832 INFO o.a.j.t.JMeterThread: Thread finished: 核心业务压测 (50线程) 1-43
2026-06-13 18:57:38,900 INFO o.a.j.t.JMeterThread: Stopping because end time detected by thread: 核心业务压测 (50线程) 1-20
2026-06-13 18:57:38,900 INFO o.a.j.t.JMeterThread: Thread finished: 核心业务压测 (50线程) 1-20
2026-06-13 18:57:39,005 INFO o.a.j.t.JMeterThread: Stopping because end time detected by thread: 峰值压测 (100线程) 2-8
2026-06-13 18:57:39,006 INFO o.a.j.t.JMeterThread: Thread finished: 峰值压测 (100线程) 2-8
2026-06-13 18:57:39,298 INFO o.a.j.t.JMeterThread: Stopping because end time detected by thread: 峰值压测 (100线程) 2-98
2026-06-13 18:57:39,298 INFO o.a.j.t.JMeterThread: Thread finished: 峰值压测 (100线程) 2-98
2026-06-13 18:57:39,336 INFO o.a.j.t.JMeterThread: Stopping because end time detected by thread: 核心业务压测 (50线程) 1-3
2026-06-13 18:57:39,336 INFO o.a.j.t.JMeterThread: Thread finished: 核心业务压测 (50线程) 1-3
2026-06-13 18:57:39,472 INFO o.a.j.t.JMeterThread: Stopping because end time detected by thread: 核心业务压测 (50线程) 1-17
2026-06-13 18:57:39,473 INFO o.a.j.t.JMeterThread: Thread finished: 核心业务压测 (50线程) 1-17
2026-06-13 18:57:39,696 INFO o.a.j.t.JMeterThread: Stopping because end time detected by thread: 峰值压测 (100线程) 2-33
2026-06-13 18:57:39,696 INFO o.a.j.t.JMeterThread: Thread finished: 峰值压测 (100线程) 2-33
2026-06-13 18:57:39,700 INFO o.a.j.t.JMeterThread: Stopping because end time detected by thread: 峰值压测 (100线程) 2-41
2026-06-13 18:57:39,701 INFO o.a.j.t.JMeterThread: Thread finished: 峰值压测 (100线程) 2-41
2026-06-13 18:57:39,809 INFO o.a.j.t.JMeterThread: Stopping because end time detected by thread: 峰值压测 (100线程) 2-57
2026-06-13 18:57:39,809 INFO o.a.j.t.JMeterThread: Thread finished: 峰值压测 (100线程) 2-57
2026-06-13 18:57:39,837 INFO o.a.j.t.JMeterThread: Stopping because end time detected by thread: 峰值压测 (100线程) 2-48
2026-06-13 18:57:39,837 INFO o.a.j.t.JMeterThread: Thread finished: 峰值压测 (100线程) 2-48
2026-06-13 18:57:40,012 INFO o.a.j.t.JMeterThread: Stopping because end time detected by thread: 峰值压测 (100线程) 2-16
2026-06-13 18:57:40,013 INFO o.a.j.t.JMeterThread: Thread finished: 峰值压测 (100线程) 2-16
2026-06-13 18:57:40,287 INFO o.a.j.t.JMeterThread: Stopping because end time detected by thread: 峰值压测 (100线程) 2-60
2026-06-13 18:57:40,287 INFO o.a.j.t.JMeterThread: Thread finished: 峰值压测 (100线程) 2-60
2026-06-13 18:57:40,316 INFO o.a.j.t.JMeterThread: Stopping because end time detected by thread: 峰值压测 (100线程) 2-74
2026-06-13 18:57:40,316 INFO o.a.j.t.JMeterThread: Thread finished: 峰值压测 (100线程) 2-74
2026-06-13 18:57:40,533 INFO o.a.j.t.JMeterThread: Stopping because end time detected by thread: 峰值压测 (100线程) 2-7
2026-06-13 18:57:40,533 INFO o.a.j.t.JMeterThread: Thread finished: 峰值压测 (100线程) 2-7
2026-06-13 18:57:40,553 INFO o.a.j.t.JMeterThread: Stopping because end time detected by thread: 峰值压测 (100线程) 2-66
2026-06-13 18:57:40,553 INFO o.a.j.t.JMeterThread: Thread finished: 峰值压测 (100线程) 2-66
2026-06-13 18:57:40,800 INFO o.a.j.t.JMeterThread: Stopping because end time detected by thread: 峰值压测 (100线程) 2-97
2026-06-13 18:57:40,800 INFO o.a.j.t.JMeterThread: Thread finished: 峰值压测 (100线程) 2-97
2026-06-13 18:57:41,087 INFO o.a.j.t.JMeterThread: Stopping because end time detected by thread: 峰值压测 (100线程) 2-94
2026-06-13 18:57:41,087 INFO o.a.j.t.JMeterThread: Thread finished: 峰值压测 (100线程) 2-94
2026-06-13 18:57:41,089 INFO o.a.j.t.JMeterThread: Stopping because end time detected by thread: 核心业务压测 (50线程) 1-33
2026-06-13 18:57:41,089 INFO o.a.j.t.JMeterThread: Thread finished: 核心业务压测 (50线程) 1-33
2026-06-13 18:57:41,268 INFO o.a.j.t.JMeterThread: Stopping because end time detected by thread: 核心业务压测 (50线程) 1-21
2026-06-13 18:57:41,268 INFO o.a.j.t.JMeterThread: Thread finished: 核心业务压测 (50线程) 1-21
2026-06-13 18:57:41,287 INFO o.a.j.t.JMeterThread: Stopping because end time detected by thread: 峰值压测 (100线程) 2-10
2026-06-13 18:57:41,287 INFO o.a.j.t.JMeterThread: Thread finished: 峰值压测 (100线程) 2-10
2026-06-13 18:57:41,294 INFO o.a.j.t.JMeterThread: Stopping because end time detected by thread: 峰值压测 (100线程) 2-70
2026-06-13 18:57:41,294 INFO o.a.j.t.JMeterThread: Thread finished: 峰值压测 (100线程) 2-70
2026-06-13 18:57:41,459 INFO o.a.j.t.JMeterThread: Stopping because end time detected by thread: 核心业务压测 (50线程) 1-38
2026-06-13 18:57:41,459 INFO o.a.j.t.JMeterThread: Thread finished: 核心业务压测 (50线程) 1-38
2026-06-13 18:57:41,605 INFO o.a.j.t.JMeterThread: Stopping because end time detected by thread: 峰值压测 (100线程) 2-93
2026-06-13 18:57:41,605 INFO o.a.j.t.JMeterThread: Thread finished: 峰值压测 (100线程) 2-93
2026-06-13 18:57:41,988 INFO o.a.j.t.JMeterThread: Stopping because end time detected by thread: 峰值压测 (100线程) 2-56
2026-06-13 18:57:41,988 INFO o.a.j.t.JMeterThread: Thread finished: 峰值压测 (100线程) 2-56
2026-06-13 18:57:44,513 INFO o.a.j.t.JMeterThread: Stopping because end time detected by thread: 核心业务压测 (50线程) 1-9
2026-06-13 18:57:44,514 INFO o.a.j.t.JMeterThread: Thread finished: 核心业务压测 (50线程) 1-9
2026-06-13 18:57:44,781 INFO o.a.j.t.JMeterThread: Stopping because end time detected by thread: 核心业务压测 (50线程) 1-7
2026-06-13 18:57:44,781 INFO o.a.j.t.JMeterThread: Thread finished: 核心业务压测 (50线程) 1-7
2026-06-13 18:57:45,011 INFO o.a.j.t.JMeterThread: Stopping because end time detected by thread: 核心业务压测 (50线程) 1-29
2026-06-13 18:57:45,011 INFO o.a.j.t.JMeterThread: Thread finished: 核心业务压测 (50线程) 1-29
2026-06-13 18:57:45,018 INFO o.a.j.t.JMeterThread: Stopping because end time detected by thread: 核心业务压测 (50线程) 1-27
2026-06-13 18:57:45,018 INFO o.a.j.t.JMeterThread: Thread finished: 核心业务压测 (50线程) 1-27
2026-06-13 18:58:14,807 INFO o.a.j.t.JMeterThread: Stopping because end time detected by thread: 峰值压测 (100线程) 2-5
2026-06-13 18:58:14,808 INFO o.a.j.t.JMeterThread: Thread finished: 峰值压测 (100线程) 2-5
2026-06-13 18:58:15,072 INFO o.a.j.t.JMeterThread: Stopping because end time detected by thread: 峰值压测 (100线程) 2-6
2026-06-13 18:58:15,072 INFO o.a.j.t.JMeterThread: Thread finished: 峰值压测 (100线程) 2-6
2026-06-13 18:58:15,292 INFO o.a.j.t.JMeterThread: Stopping because end time detected by thread: 峰值压测 (100线程) 2-2
2026-06-13 18:58:15,292 INFO o.a.j.t.JMeterThread: Thread finished: 峰值压测 (100线程) 2-2
2026-06-13 18:58:15,543 INFO o.a.j.t.JMeterThread: Stopping because end time detected by thread: 峰值压测 (100线程) 2-12
2026-06-13 18:58:15,544 INFO o.a.j.t.JMeterThread: Thread finished: 峰值压测 (100线程) 2-12
2026-06-13 18:58:15,814 INFO o.a.j.t.JMeterThread: Stopping because end time detected by thread: 峰值压测 (100线程) 2-17
2026-06-13 18:58:15,814 INFO o.a.j.t.JMeterThread: Thread finished: 峰值压测 (100线程) 2-17
2026-06-13 18:58:16,016 INFO o.a.j.t.JMeterThread: Stopping because end time detected by thread: 峰值压测 (100线程) 2-9
2026-06-13 18:58:16,016 INFO o.a.j.t.JMeterThread: Thread finished: 峰值压测 (100线程) 2-9
2026-06-13 18:58:16,038 INFO o.a.j.t.JMeterThread: Stopping because end time detected by thread: 峰值压测 (100线程) 2-77
2026-06-13 18:58:16,038 INFO o.a.j.t.JMeterThread: Thread finished: 峰值压测 (100线程) 2-77
2026-06-13 18:58:16,213 INFO o.a.j.t.JMeterThread: Stopping because end time detected by thread: 峰值压测 (100线程) 2-49
2026-06-13 18:58:16,213 INFO o.a.j.t.JMeterThread: Thread finished: 峰值压测 (100线程) 2-49
2026-06-13 18:58:16,238 INFO o.a.j.t.JMeterThread: Stopping because end time detected by thread: 峰值压测 (100线程) 2-26
2026-06-13 18:58:16,238 INFO o.a.j.t.JMeterThread: Thread finished: 峰值压测 (100线程) 2-26
2026-06-13 18:58:16,414 INFO o.a.j.t.JMeterThread: Stopping because end time detected by thread: 峰值压测 (100线程) 2-45
2026-06-13 18:58:16,414 INFO o.a.j.t.JMeterThread: Thread finished: 峰值压测 (100线程) 2-45
2026-06-13 18:58:16,502 INFO o.a.j.t.JMeterThread: Stopping because end time detected by thread: 峰值压测 (100线程) 2-28
2026-06-13 18:58:16,503 INFO o.a.j.t.JMeterThread: Thread finished: 峰值压测 (100线程) 2-28
2026-06-13 18:58:16,503 INFO o.a.j.t.JMeterThread: Stopping because end time detected by thread: 峰值压测 (100线程) 2-19
2026-06-13 18:58:16,503 INFO o.a.j.t.JMeterThread: Thread finished: 峰值压测 (100线程) 2-19
2026-06-13 18:58:16,522 INFO o.a.j.t.JMeterThread: Stopping because end time detected by thread: 峰值压测 (100线程) 2-18
2026-06-13 18:58:16,523 INFO o.a.j.t.JMeterThread: Thread finished: 峰值压测 (100线程) 2-18
2026-06-13 18:58:16,529 INFO o.a.j.t.JMeterThread: Stopping because end time detected by thread: 峰值压测 (100线程) 2-34
2026-06-13 18:58:16,530 INFO o.a.j.t.JMeterThread: Thread finished: 峰值压测 (100线程) 2-34
2026-06-13 18:58:16,537 INFO o.a.j.t.JMeterThread: Stopping because end time detected by thread: 峰值压测 (100线程) 2-78
2026-06-13 18:58:16,537 INFO o.a.j.t.JMeterThread: Thread finished: 峰值压测 (100线程) 2-78
2026-06-13 18:58:16,734 INFO o.a.j.t.JMeterThread: Stopping because end time detected by thread: 峰值压测 (100线程) 2-58
2026-06-13 18:58:16,734 INFO o.a.j.t.JMeterThread: Thread finished: 峰值压测 (100线程) 2-58
2026-06-13 18:58:16,801 INFO o.a.j.t.JMeterThread: Stopping because end time detected by thread: 核心业务压测 (50线程) 1-15
2026-06-13 18:58:16,802 INFO o.a.j.t.JMeterThread: Thread finished: 核心业务压测 (50线程) 1-15
2026-06-13 18:58:16,993 INFO o.a.j.t.JMeterThread: Stopping because end time detected by thread: 核心业务压测 (50线程) 1-1
2026-06-13 18:58:16,993 INFO o.a.j.t.JMeterThread: Thread finished: 核心业务压测 (50线程) 1-1
2026-06-13 18:58:16,995 INFO o.a.j.t.JMeterThread: Stopping because end time detected by thread: 核心业务压测 (50线程) 1-34
2026-06-13 18:58:16,995 INFO o.a.j.t.JMeterThread: Thread finished: 核心业务压测 (50线程) 1-34
2026-06-13 18:58:17,119 INFO o.a.j.t.JMeterThread: Stopping because end time detected by thread: 峰值压测 (100线程) 2-25
2026-06-13 18:58:17,120 INFO o.a.j.t.JMeterThread: Thread finished: 峰值压测 (100线程) 2-25
2026-06-13 18:58:17,172 INFO o.a.j.t.JMeterThread: Stopping because end time detected by thread: 峰值压测 (100线程) 2-50
2026-06-13 18:58:17,172 INFO o.a.j.t.JMeterThread: Thread finished: 峰值压测 (100线程) 2-50
2026-06-13 18:58:17,268 INFO o.a.j.t.JMeterThread: Stopping because end time detected by thread: 峰值压测 (100线程) 2-92
2026-06-13 18:58:17,269 INFO o.a.j.t.JMeterThread: Thread finished: 峰值压测 (100线程) 2-92
2026-06-13 18:58:17,285 INFO o.a.j.t.JMeterThread: Stopping because end time detected by thread: 核心业务压测 (50线程) 1-50
2026-06-13 18:58:17,285 INFO o.a.j.t.JMeterThread: Thread finished: 核心业务压测 (50线程) 1-50
2026-06-13 18:58:17,313 INFO o.a.j.t.JMeterThread: Stopping because end time detected by thread: 核心业务压测 (50线程) 1-8
2026-06-13 18:58:17,313 INFO o.a.j.t.JMeterThread: Thread finished: 核心业务压测 (50线程) 1-8
2026-06-13 18:58:17,330 INFO o.a.j.t.JMeterThread: Stopping because end time detected by thread: 核心业务压测 (50线程) 1-10
2026-06-13 18:58:17,330 INFO o.a.j.t.JMeterThread: Thread finished: 核心业务压测 (50线程) 1-10
2026-06-13 18:58:17,342 INFO o.a.j.t.JMeterThread: Stopping because end time detected by thread: 峰值压测 (100线程) 2-3
2026-06-13 18:58:17,343 INFO o.a.j.t.JMeterThread: Thread finished: 峰值压测 (100线程) 2-3
2026-06-13 18:58:17,502 INFO o.a.j.t.JMeterThread: Stopping because end time detected by thread: 峰值压测 (100线程) 2-95
2026-06-13 18:58:17,502 INFO o.a.j.t.JMeterThread: Thread finished: 峰值压测 (100线程) 2-95
2026-06-13 18:58:17,534 INFO o.a.j.t.JMeterThread: Stopping because end time detected by thread: 峰值压测 (100线程) 2-72
2026-06-13 18:58:17,534 INFO o.a.j.t.JMeterThread: Thread finished: 峰值压测 (100线程) 2-72
2026-06-13 18:58:17,536 INFO o.a.j.t.JMeterThread: Stopping because end time detected by thread: 核心业务压测 (50线程) 1-22
2026-06-13 18:58:17,536 INFO o.a.j.t.JMeterThread: Thread finished: 核心业务压测 (50线程) 1-22
2026-06-13 18:58:17,544 INFO o.a.j.t.JMeterThread: Stopping because end time detected by thread: 峰值压测 (100线程) 2-80
2026-06-13 18:58:17,544 INFO o.a.j.t.JMeterThread: Thread finished: 峰值压测 (100线程) 2-80
2026-06-13 18:58:17,546 INFO o.a.j.t.JMeterThread: Stopping because end time detected by thread: 峰值压测 (100线程) 2-59
2026-06-13 18:58:17,546 INFO o.a.j.t.JMeterThread: Thread finished: 峰值压测 (100线程) 2-59
2026-06-13 18:58:17,641 INFO o.a.j.t.JMeterThread: Stopping because end time detected by thread: 核心业务压测 (50线程) 1-13
2026-06-13 18:58:17,641 INFO o.a.j.t.JMeterThread: Thread finished: 核心业务压测 (50线程) 1-13
2026-06-13 18:58:17,675 INFO o.a.j.t.JMeterThread: Stopping because end time detected by thread: 峰值压测 (100线程) 2-47
2026-06-13 18:58:17,675 INFO o.a.j.t.JMeterThread: Thread finished: 峰值压测 (100线程) 2-47
2026-06-13 18:58:17,714 INFO o.a.j.t.JMeterThread: Stopping because end time detected by thread: 峰值压测 (100线程) 2-76
2026-06-13 18:58:17,714 INFO o.a.j.t.JMeterThread: Thread finished: 峰值压测 (100线程) 2-76
2026-06-13 18:58:17,746 INFO o.a.j.t.JMeterThread: Stopping because end time detected by thread: 核心业务压测 (50线程) 1-16
2026-06-13 18:58:17,746 INFO o.a.j.t.JMeterThread: Thread finished: 核心业务压测 (50线程) 1-16
2026-06-13 18:58:17,765 INFO o.a.j.t.JMeterThread: Stopping because end time detected by thread: 峰值压测 (100线程) 2-62
2026-06-13 18:58:17,765 INFO o.a.j.t.JMeterThread: Thread finished: 峰值压测 (100线程) 2-62
2026-06-13 18:58:17,783 INFO o.a.j.t.JMeterThread: Stopping because end time detected by thread: 核心业务压测 (50线程) 1-40
2026-06-13 18:58:17,783 INFO o.a.j.t.JMeterThread: Thread finished: 核心业务压测 (50线程) 1-40
2026-06-13 18:58:17,827 INFO o.a.j.t.JMeterThread: Stopping because end time detected by thread: 峰值压测 (100线程) 2-37
2026-06-13 18:58:17,827 INFO o.a.j.t.JMeterThread: Thread finished: 峰值压测 (100线程) 2-37
2026-06-13 18:58:17,839 INFO o.a.j.t.JMeterThread: Stopping because end time detected by thread: 核心业务压测 (50线程) 1-44
2026-06-13 18:58:17,839 INFO o.a.j.t.JMeterThread: Thread finished: 核心业务压测 (50线程) 1-44
2026-06-13 18:58:17,845 INFO o.a.j.t.JMeterThread: Stopping because end time detected by thread: 峰值压测 (100线程) 2-24
2026-06-13 18:58:17,845 INFO o.a.j.t.JMeterThread: Thread finished: 峰值压测 (100线程) 2-24
2026-06-13 18:58:17,990 INFO o.a.j.t.JMeterThread: Stopping because end time detected by thread: 核心业务压测 (50线程) 1-46
2026-06-13 18:58:17,990 INFO o.a.j.t.JMeterThread: Thread finished: 核心业务压测 (50线程) 1-46
2026-06-13 18:58:18,014 INFO o.a.j.t.JMeterThread: Stopping because end time detected by thread: 峰值压测 (100线程) 2-61
2026-06-13 18:58:18,014 INFO o.a.j.t.JMeterThread: Stopping because end time detected by thread: 核心业务压测 (50线程) 1-35
2026-06-13 18:58:18,015 INFO o.a.j.t.JMeterThread: Thread finished: 核心业务压测 (50线程) 1-35
2026-06-13 18:58:18,015 INFO o.a.j.t.JMeterThread: Thread finished: 峰值压测 (100线程) 2-61
2026-06-13 18:58:18,022 INFO o.a.j.t.JMeterThread: Stopping because end time detected by thread: 峰值压测 (100线程) 2-44
2026-06-13 18:58:18,022 INFO o.a.j.t.JMeterThread: Thread finished: 峰值压测 (100线程) 2-44
2026-06-13 18:58:18,024 INFO o.a.j.t.JMeterThread: Stopping because end time detected by thread: 峰值压测 (100线程) 2-100
2026-06-13 18:58:18,024 INFO o.a.j.t.JMeterThread: Thread finished: 峰值压测 (100线程) 2-100
2026-06-13 18:58:18,026 INFO o.a.j.t.JMeterThread: Stopping because end time detected by thread: 核心业务压测 (50线程) 1-11
2026-06-13 18:58:18,027 INFO o.a.j.t.JMeterThread: Thread finished: 核心业务压测 (50线程) 1-11
2026-06-13 18:58:18,030 INFO o.a.j.t.JMeterThread: Stopping because end time detected by thread: 峰值压测 (100线程) 2-65
2026-06-13 18:58:18,031 INFO o.a.j.t.JMeterThread: Thread finished: 峰值压测 (100线程) 2-65
2026-06-13 18:58:18,035 INFO o.a.j.t.JMeterThread: Stopping because end time detected by thread: 核心业务压测 (50线程) 1-24
2026-06-13 18:58:18,035 INFO o.a.j.t.JMeterThread: Thread finished: 核心业务压测 (50线程) 1-24
2026-06-13 18:58:18,052 INFO o.a.j.t.JMeterThread: Stopping because end time detected by thread: 峰值压测 (100线程) 2-79
2026-06-13 18:58:18,052 INFO o.a.j.t.JMeterThread: Thread finished: 峰值压测 (100线程) 2-79
2026-06-13 18:58:18,056 INFO o.a.j.t.JMeterThread: Stopping because end time detected by thread: 峰值压测 (100线程) 2-22
2026-06-13 18:58:18,056 INFO o.a.j.t.JMeterThread: Thread finished: 峰值压测 (100线程) 2-22
2026-06-13 18:58:18,066 INFO o.a.j.t.JMeterThread: Stopping because end time detected by thread: 峰值压测 (100线程) 2-27
2026-06-13 18:58:18,067 INFO o.a.j.t.JMeterThread: Thread finished: 峰值压测 (100线程) 2-27
2026-06-13 18:58:18,078 INFO o.a.j.t.JMeterThread: Stopping because end time detected by thread: 核心业务压测 (50线程) 1-49
2026-06-13 18:58:18,078 INFO o.a.j.t.JMeterThread: Thread finished: 核心业务压测 (50线程) 1-49
2026-06-13 18:58:18,101 INFO o.a.j.t.JMeterThread: Stopping because end time detected by thread: 核心业务压测 (50线程) 1-32
2026-06-13 18:58:18,102 INFO o.a.j.t.JMeterThread: Thread finished: 核心业务压测 (50线程) 1-32
2026-06-13 18:58:18,111 INFO o.a.j.t.JMeterThread: Stopping because end time detected by thread: 峰值压测 (100线程) 2-90
2026-06-13 18:58:18,111 INFO o.a.j.t.JMeterThread: Thread finished: 峰值压测 (100线程) 2-90
2026-06-13 18:58:18,114 INFO o.a.j.t.JMeterThread: Stopping because end time detected by thread: 核心业务压测 (50线程) 1-31
2026-06-13 18:58:18,114 INFO o.a.j.t.JMeterThread: Thread finished: 核心业务压测 (50线程) 1-31
2026-06-13 18:58:18,116 INFO o.a.j.t.JMeterThread: Stopping because end time detected by thread: 峰值压测 (100线程) 2-55
2026-06-13 18:58:18,116 INFO o.a.j.t.JMeterThread: Thread finished: 峰值压测 (100线程) 2-55
2026-06-13 18:58:18,142 INFO o.a.j.t.JMeterThread: Stopping because end time detected by thread: 峰值压测 (100线程) 2-15
2026-06-13 18:58:18,142 INFO o.a.j.t.JMeterThread: Thread finished: 峰值压测 (100线程) 2-15
2026-06-13 18:58:18,149 INFO o.a.j.t.JMeterThread: Stopping because end time detected by thread: 峰值压测 (100线程) 2-13
2026-06-13 18:58:18,149 INFO o.a.j.t.JMeterThread: Thread finished: 峰值压测 (100线程) 2-13
2026-06-13 18:58:18,198 INFO o.a.j.t.JMeterThread: Stopping because end time detected by thread: 峰值压测 (100线程) 2-89
2026-06-13 18:58:18,198 INFO o.a.j.t.JMeterThread: Thread finished: 峰值压测 (100线程) 2-89
2026-06-13 18:58:18,261 INFO o.a.j.t.JMeterThread: Stopping because end time detected by thread: 核心业务压测 (50线程) 1-26
2026-06-13 18:58:18,262 INFO o.a.j.t.JMeterThread: Thread finished: 核心业务压测 (50线程) 1-26
2026-06-13 18:58:18,275 INFO o.a.j.t.JMeterThread: Stopping because end time detected by thread: 峰值压测 (100线程) 2-35
2026-06-13 18:58:18,275 INFO o.a.j.t.JMeterThread: Thread finished: 峰值压测 (100线程) 2-35
2026-06-13 18:58:18,293 INFO o.a.j.t.JMeterThread: Stopping because end time detected by thread: 峰值压测 (100线程) 2-42
2026-06-13 18:58:18,294 INFO o.a.j.t.JMeterThread: Thread finished: 峰值压测 (100线程) 2-42
2026-06-13 18:58:18,413 INFO o.a.j.t.JMeterThread: Stopping because end time detected by thread: 核心业务压测 (50线程) 1-48
2026-06-13 18:58:18,413 INFO o.a.j.t.JMeterThread: Thread finished: 核心业务压测 (50线程) 1-48
2026-06-13 18:58:18,459 INFO o.a.j.t.JMeterThread: Stopping because end time detected by thread: 峰值压测 (100线程) 2-91
2026-06-13 18:58:18,460 INFO o.a.j.t.JMeterThread: Thread finished: 峰值压测 (100线程) 2-91
2026-06-13 18:58:18,538 INFO o.a.j.t.JMeterThread: Stopping because end time detected by thread: 峰值压测 (100线程) 2-23
2026-06-13 18:58:18,538 INFO o.a.j.t.JMeterThread: Thread finished: 峰值压测 (100线程) 2-23
2026-06-13 18:58:18,552 INFO o.a.j.t.JMeterThread: Stopping because end time detected by thread: 核心业务压测 (50线程) 1-18
2026-06-13 18:58:18,552 INFO o.a.j.t.JMeterThread: Thread finished: 核心业务压测 (50线程) 1-18
2026-06-13 18:58:18,563 INFO o.a.j.t.JMeterThread: Stopping because end time detected by thread: 峰值压测 (100线程) 2-85
2026-06-13 18:58:18,563 INFO o.a.j.t.JMeterThread: Thread finished: 峰值压测 (100线程) 2-85
2026-06-13 18:58:18,584 INFO o.a.j.t.JMeterThread: Stopping because end time detected by thread: 核心业务压测 (50线程) 1-37
2026-06-13 18:58:18,584 INFO o.a.j.t.JMeterThread: Thread finished: 核心业务压测 (50线程) 1-37
2026-06-13 18:58:18,593 INFO o.a.j.t.JMeterThread: Stopping because end time detected by thread: 核心业务压测 (50线程) 1-36
2026-06-13 18:58:18,593 INFO o.a.j.t.JMeterThread: Thread finished: 核心业务压测 (50线程) 1-36
2026-06-13 18:58:18,596 INFO o.a.j.t.JMeterThread: Stopping because end time detected by thread: 核心业务压测 (50线程) 1-42
2026-06-13 18:58:18,596 INFO o.a.j.t.JMeterThread: Thread finished: 核心业务压测 (50线程) 1-42
2026-06-13 18:58:18,637 INFO o.a.j.t.JMeterThread: Stopping because end time detected by thread: 核心业务压测 (50线程) 1-30
2026-06-13 18:58:18,637 INFO o.a.j.t.JMeterThread: Thread finished: 核心业务压测 (50线程) 1-30
2026-06-13 18:58:18,669 INFO o.a.j.t.JMeterThread: Stopping because end time detected by thread: 核心业务压测 (50线程) 1-14
2026-06-13 18:58:18,669 INFO o.a.j.t.JMeterThread: Thread finished: 核心业务压测 (50线程) 1-14
2026-06-13 18:58:18,731 INFO o.a.j.t.JMeterThread: Stopping because end time detected by thread: 核心业务压测 (50线程) 1-12
2026-06-13 18:58:18,731 INFO o.a.j.t.JMeterThread: Thread finished: 核心业务压测 (50线程) 1-12
2026-06-13 18:58:18,731 INFO o.a.j.e.StandardJMeterEngine: Notifying test listeners of end of test
2026-06-13 18:58:18,732 INFO o.a.j.r.Summariser: summary +    136 in 00:00:46 =    3.0/s Avg: 50126 Min: 21790 Max: 75021 Err:     0 (0.00%) Active: 0 Started: 150 Finished: 150
2026-06-13 18:58:18,732 INFO o.a.j.r.Summariser: summary =    441 in 00:01:17 =    5.7/s Avg: 17765 Min:    77 Max: 75021 Err:     0 (0.00%)
2026-06-13 18:58:18,733 INFO o.a.j.JMeter: Generating Dashboard
2026-06-13 18:58:18,733 INFO o.a.j.r.d.ReportGenerator: Flushing result collector before report Generation
2026-06-13 18:58:18,752 INFO o.a.j.r.p.NormalizerSampleConsumer: Using format, 'ms', to parse timeStamp field
2026-06-13 18:58:18,813 INFO o.a.j.r.p.AbstractSampleConsumer: class org.apache.jmeter.report.processor.AggregateConsumer#stopProducing(): beginDate produced 0 samples
2026-06-13 18:58:18,813 INFO o.a.j.r.p.AbstractSampleConsumer: class org.apache.jmeter.report.processor.AggregateConsumer#stopProducing(): endDate produced 0 samples
2026-06-13 18:58:18,814 INFO o.a.j.r.p.AbstractSampleConsumer: class org.apache.jmeter.report.processor.ApdexSummaryConsumer#stopProducing(): apdexSummary produced 0 samples
2026-06-13 18:58:18,814 INFO o.a.j.r.p.AbstractSampleConsumer: class org.apache.jmeter.report.processor.RequestsSummaryConsumer#stopProducing(): requestsSummary produced 0 samples
2026-06-13 18:58:18,816 INFO o.a.j.r.p.AbstractSampleConsumer: class org.apache.jmeter.report.processor.StatisticsSummaryConsumer#stopProducing(): statisticsSummary produced 0 samples
2026-06-13 18:58:18,817 INFO o.a.j.r.p.AbstractSampleConsumer: class org.apache.jmeter.report.processor.Top5ErrorsBySamplerConsumer#stopProducing(): top5ErrorsBySampler produced 0 samples
2026-06-13 18:58:18,817 INFO o.a.j.r.p.AbstractSampleConsumer: class org.apache.jmeter.report.processor.ErrorsSummaryConsumer#stopProducing(): errorsSummary produced 0 samples
2026-06-13 18:58:18,817 INFO o.a.j.r.p.AbstractSampleConsumer: class org.apache.jmeter.report.processor.graph.impl.HitsPerSecondGraphConsumer#stopProducing(): hitsPerSecond produced 0 samples
2026-06-13 18:58:18,829 INFO o.a.j.r.p.AbstractSampleConsumer: class org.apache.jmeter.report.processor.graph.impl.LatencyVSRequestGraphConsumer#stopProducing(): latencyVsRequest produced 0 samples
2026-06-13 18:58:18,830 INFO o.a.j.r.p.AbstractSampleConsumer: class org.apache.jmeter.report.processor.graph.impl.SyntheticResponseTimeDistributionGraphConsumer#stopProducing(): syntheticResponseTimeDistribution produced 0 samples
2026-06-13 18:58:18,830 INFO o.a.j.r.p.AbstractSampleConsumer: class org.apache.jmeter.report.processor.graph.impl.BytesThroughputGraphConsumer#stopProducing(): bytesThroughputOverTime produced 0 samples
2026-06-13 18:58:18,830 INFO o.a.j.r.p.AbstractSampleConsumer: class org.apache.jmeter.report.processor.graph.impl.CodesPerSecondGraphConsumer#stopProducing(): codesPerSecond produced 0 samples
2026-06-13 18:58:18,835 INFO o.a.j.r.p.AbstractSampleConsumer: class org.apache.jmeter.report.processor.graph.impl.ResponseTimeVSRequestGraphConsumer#stopProducing(): responseTimeVsRequest produced 0 samples
2026-06-13 18:58:18,835 INFO o.a.j.r.p.AbstractSampleConsumer: class org.apache.jmeter.report.processor.FilterConsumer#stopProducing(): startIntervalControlerFilter produced 3087 samples
2026-06-13 18:58:18,835 INFO o.a.j.r.p.AbstractSampleConsumer: class org.apache.jmeter.report.processor.graph.impl.TotalTPSGraphConsumer#stopProducing(): totalTPS produced 0 samples
2026-06-13 18:58:18,835 INFO o.a.j.r.p.AbstractSampleConsumer: class org.apache.jmeter.report.processor.graph.impl.ActiveThreadsGraphConsumer#stopProducing(): activeThreadsOverTime produced 0 samples
2026-06-13 18:58:18,835 INFO o.a.j.r.p.AbstractSampleConsumer: class org.apache.jmeter.report.processor.graph.impl.TimeVSThreadGraphConsumer#stopProducing(): timeVsThreads produced 0 samples
2026-06-13 18:58:18,835 INFO o.a.j.r.p.AbstractSampleConsumer: class org.apache.jmeter.report.processor.graph.impl.ResponseTimeDistributionGraphConsumer#stopProducing(): responseTimeDistribution produced 0 samples
2026-06-13 18:58:18,836 INFO o.a.j.r.p.AbstractSampleConsumer: class org.apache.jmeter.report.processor.graph.impl.TransactionsPerSecondGraphConsumer#stopProducing(): transactionsPerSecond produced 0 samples
2026-06-13 18:58:18,836 INFO o.a.j.r.p.AbstractSampleConsumer: class org.apache.jmeter.report.processor.graph.impl.ResponseTimePercentilesGraphConsumer#stopProducing(): responseTimePercentiles produced 0 samples
2026-06-13 18:58:18,838 INFO o.a.j.r.p.AbstractSampleConsumer: class org.apache.jmeter.report.processor.graph.impl.ResponseTimePercentilesOverTimeGraphConsumer#stopProducing(): responseTimePercentilesOverTime produced 0 samples
2026-06-13 18:58:18,838 INFO o.a.j.r.p.AbstractSampleConsumer: class org.apache.jmeter.report.processor.graph.impl.ResponseTimeOverTimeGraphConsumer#stopProducing(): responseTimesOverTime produced 0 samples
2026-06-13 18:58:18,838 INFO o.a.j.r.p.AbstractSampleConsumer: class org.apache.jmeter.report.processor.graph.impl.ConnectTimeOverTimeGraphConsumer#stopProducing(): connectTimeOverTime produced 0 samples
2026-06-13 18:58:18,838 INFO o.a.j.r.p.AbstractSampleConsumer: class org.apache.jmeter.report.processor.graph.impl.LatencyOverTimeGraphConsumer#stopProducing(): latenciesOverTime produced 0 samples
2026-06-13 18:58:18,838 INFO o.a.j.r.p.AbstractSampleConsumer: class org.apache.jmeter.report.processor.FilterConsumer#stopProducing(): nameFilter produced 6615 samples
2026-06-13 18:58:18,838 INFO o.a.j.r.p.AbstractSampleConsumer: class org.apache.jmeter.report.processor.FilterConsumer#stopProducing(): dateRangeFilter produced 1323 samples
2026-06-13 18:58:18,838 INFO o.a.j.r.p.AbstractSampleConsumer: class org.apache.jmeter.report.processor.NormalizerSampleConsumer#stopProducing(): normalizer produced 441 samples
2026-06-13 18:58:18,839 INFO o.a.j.r.p.CsvFileSampleSource: produce(): 441 samples produced in 73ms on channel 0
2026-06-13 18:58:18,839 INFO o.a.j.r.d.ReportGenerator: Exporting data using exporter:'json' of className:'org.apache.jmeter.report.dashboard.JsonExporter'
2026-06-13 18:58:18,886 INFO o.a.j.r.d.JsonExporter: Found data for consumer statisticsSummary in context
2026-06-13 18:58:18,886 INFO o.a.j.r.d.JsonExporter: Creating statistics for overall
2026-06-13 18:58:18,886 INFO o.a.j.r.d.JsonExporter: Creating statistics for other transactions
2026-06-13 18:58:18,886 INFO o.a.j.r.d.JsonExporter: Checking output folder
2026-06-13 18:58:18,886 INFO o.a.j.r.d.JsonExporter: Writing statistics JSON to /home/lingshin/Downloads/git/hrm_26/./report/statistics.json
2026-06-13 18:58:18,908 INFO o.a.j.r.d.ReportGenerator: Exporting data using exporter:'html' of className:'org.apache.jmeter.report.dashboard.HtmlTemplateExporter'
2026-06-13 18:58:18,910 INFO o.a.j.r.d.HtmlTemplateExporter: Will generate dashboard in folder: /home/lingshin/Downloads/git/hrm_26/./report
2026-06-13 18:58:18,981 INFO o.a.j.r.d.HtmlTemplateExporter: Report will be generated in: /home/lingshin/Downloads/git/hrm_26/./report, creating folder structure
2026-06-13 18:58:18,983 INFO o.a.j.r.d.TemplateVisitor: Copying folder from '/opt/jmeter/bin/report-template' to '/home/lingshin/Downloads/git/hrm_26/./report', got message: /home/lingshin/Downloads/git/hrm_26/./report, found non empty folder with following content [/home/lingshin/Downloads/git/hrm_26/./report/statistics.json], will be ignored
2026-06-13 18:58:19,093 INFO o.a.j.JMeter: Dashboard generated
